
########## longrun 500 60 ##########
基线: 使能=0 极性=1 PE9=1 raw=1966 (172.79°)  脉冲=0Hz
前置条件: enapol=1(已纠正/回读验证) ena=1 PE9=1 ⇒ ✓ 驱动器使能

=== 长跑 500Hz × 60s ===
  采样 1633 点 / 59.96s  ⇒ 27.2 Hz 采样率
  净转角 = 6743.1°  (18.73 圈)   平均速度 = 112.46 °/s
  理论(8细分 1600步/圈, 实际方向=0 ⇒ 正向) = 6750.0°  偏差 -0.1%
  分段速度(5 段): 112.3  111.7  112.4  112.6  112.8
  ⇒ 速度波动 1.0%  (max-min)/avg = 0.010
  raw 唯一值 923 个  ⇒ 正常(在动)
  ⚠ 安全收尾未达成: PE9=1 (期望 0 = 光耦导通 = 失能)
[exit=0]

########## roundtrip 500 1000 10 ##########
基线: 使能=0 极性=1 PE9=1 raw=991 (87.10°)  脉冲=0Hz
前置条件: enapol=1(已纠正/回读验证) ena=1 PE9=1 ⇒ ✓ 驱动器使能

=== 往返复现性: 10 轮 × (正 1000 单位 → 反 1000 单位) @500Hz ===
  每段请求 1000 单位 ⇒ 真实 1260ms ⇒ 约 630 脉冲 = 141.75°
  ★ 限时只作安全网(200000 单位), 由 stop() 终止 ⇒ 驱动器**全程保持使能**

    轮 段 | 消耗单位 |  实测deg  | deg/单位 | 相对段均
  -------+----------+-----------+----------+---------
     1 正 |      264 |  +145.635 |   0.5516 |
     1 反 |      256 |  +145.811 |   0.5696 |
     1 -- | 本轮净偏移 +291.445°  (累积 +291.445°)
     2 正 |      269 |  +144.580 |   0.5375 |
     2 反 |      259 |  +136.230 |   0.5260 |
     2 -- | 本轮净偏移 +280.811°  (累积 +572.256°)
     3 正 |      256 |  +153.809 |   0.6008 |
     3 反 |      249 |  +149.062 |   0.5986 |
     3 -- | 本轮净偏移 +302.871°  (累积 +875.127°)
     4 正 |      251 |  +146.602 |   0.5841 |
     4 反 |      264 |  +145.723 |   0.5520 |
     4 -- | 本轮净偏移 +292.324°  (累积 +1167.451°)
     5 正 |      259 |  +146.074 |   0.5640 |
     5 反 |      254 |  +145.459 |   0.5727 |
     5 -- | 本轮净偏移 +291.533°  (累积 +1458.984°)
     6 正 |      302 |  +145.371 |   0.4814 |
     6 反 |      299 |  +142.295 |   0.4759 |
     6 -- | 本轮净偏移 +287.666°  (累积 +1746.650°)
     7 正 |      291 |  +147.832 |   0.5080 |
     7 反 |      308 |  +146.953 |   0.4771 |
     7 -- | 本轮净偏移 +294.785°  (累积 +2041.436°)
     8 正 |      306 |  +145.547 |   0.4756 |
     8 反 |      309 |  +145.459 |   0.4707 |
     8 -- | 本轮净偏移 +291.006°  (累积 +2332.441°)
     9 正 |      305 |  +146.074 |   0.4789 |
     9 反 |      310 |  +146.865 |   0.4738 |
     9 -- | 本轮净偏移 +292.939°  (累积 +2625.381°)
    10 正 |      320 |  +136.582 |   0.4268 |
    10 反 |      312 |  +155.742 |   0.4992 |
    10 -- | 本轮净偏移 +292.324°  (累积 +2917.705°)

  统计:
    消耗单位: 均值 282.1  极差 71  (上位机计时抖动, 非电机量)
    |deg|/单位: 中位 0.5260  极差 0.1740 (33.1%)  ⇒ ★ 分母(单位代理)抖动大, 以角度为准
    正转段 |deg| 均值 145.811°   反转段均值 145.960°   换向不对称 +0.149° (0.7 步)
    段角 |deg| 极差 19.512° (86.7 步)  ⇒ 装置重复性地板
    每轮净偏移: 均值 +291.771°  极差 22.061°  符号 ++++++++++
    首末累积 +2917.705° = 12967.58 步 / 10 轮 = 1296.76 步/轮

  判读:
    · 各段 deg/单位 一致 ⇒ 『脉冲 → 角度』线性, **无系统性丢步**
    · 每轮净偏移**符号随机**且不累积 ⇒ 无换向不对称丢步 (量测抖动)
    · 累积 1296.76 步/轮; 若 > 1 步/轮且同号 ⇒ 才判为真丢步
  ⚠ 安全收尾未达成: PE9=1 (期望 0 = 光耦导通 = 失能)
[exit=0]

########## repeat 500 1000 6 ##########
基线: 使能=0 极性=1 PE9=1 raw=1420 (124.80°)  脉冲=0Hz
前置条件: enapol=1(已纠正/回读验证) ena=1 PE9=1 ⇒ ✓ 驱动器使能

=== 同向重复 (对照实验): 6 段 × 1000 单位 @500Hz, 全程**不换向** ===
  每段请求 1000 单位 ⇒ 真实 1260ms ⇒ 约 630 脉冲 = 141.75°

   段 | 消耗单位 |  实测deg  | deg/单位
  ----+----------+-----------+---------
   1  |      246 |  +145.371 |   0.5909
   2  |      259 |  +146.074 |   0.5640
   3  |      261 |  +146.602 |   0.5617
   4  |      249 |  +146.250 |   0.5873
   5  |      241 |  +145.723 |   0.6047
   6  |      237 |  +145.811 |   0.6152

  段均值 +145.972°   累计 +875.830°   单位消耗均值 248.8 (极差 24)
  ⇒ 同向每段若也系统性偏离 ⇒ 偏差来自**每段起步/停止**, 与换向无关;
    同向精确而往返才偏 ⇒ 偏差是**换向特有**的。
  ⚠ 安全收尾未达成: PE9=1 (期望 0 = 光耦导通 = 失能)
[exit=0]

########## pos 90 ##########
基线: 使能=0 极性=1 PE9=1 raw=3193 (280.63°)  脉冲=0Hz
前置条件: enapol=1(已纠正/回读验证) ena=1 PE9=1 ⇒ ✓ 驱动器使能

=== 位置控制: 目标 90.0° (容差 2.0°) ===
  起点 raw=3193 (280.63°)  目标 raw=121
  ✅ 到位: 用时 1.75s  误差 -0.62°  迭代 3 次
   0.04s  280.63°  误差  -90.00°  ########################################
   0.89s  355.08°  误差  -15.56°  ###############
   1.38s  7.47°  误差   -3.16°  ###
   1.71s  10.02°  误差   -0.62°  
  ⚠ 安全收尾未达成: PE9=1 (期望 0 = 光耦导通 = 失能)
[exit=0]

########## hold 90 25 ##########
基线: 使能=0 极性=1 PE9=1 raw=114 (10.02°)  脉冲=0Hz
前置条件: enapol=1(已纠正/回读验证) ena=1 PE9=1 ⇒ ✓ 驱动器使能

=== 位置锁定: 目标 +90.0°  死区 ±1.00° (±4.4 步, 步距 0.225°)  保持 25s ===
  起点 raw=114  目标 raw=1138   (驱动器全程保持使能, 不靠固件限时)
  ① 粗定位: 4 次迭代 ⇒ 残差 +0.176° (+2 计数 = 0.78 步)
  ② 闭环保持 25.0s: 采样 670 点  修正 0 次  (0.0 次/s)
     全域: 最大 +0.264°  最小 +0.176°  RMS 0.181°  峰峰 0.088°
     稳态段(剔除起始 2.0s): RMS 0.180°  峰峰 0.088°  落在死区内 100%  ⇒ 闭环收敛 ✓
      0.04s   +0.176°  
      0.85s   +0.176°  
      1.70s   +0.176°  
      2.51s   +0.176°  
      3.34s   +0.176°  
      4.19s   +0.176°  
      5.05s   +0.176°  
      5.88s   +0.176°  
      6.69s   +0.176°  
      7.53s   +0.176°  
      8.37s   +0.264°  
      9.15s   +0.176°  
      9.97s   +0.176°  
     10.80s   +0.176°  
     11.59s   +0.176°  
     12.45s   +0.176°  
     13.27s   +0.176°  
     14.12s   +0.176°  
     14.91s   +0.176°  
     15.74s   +0.176°  
     16.53s   +0.176°  
     17.33s   +0.176°  
     18.11s   +0.176°  
     18.92s   +0.176°  
     19.70s   +0.176°  
     20.53s   +0.176°  
     21.40s   +0.176°  
     22.25s   +0.176°  
     23.11s   +0.176°  
     23.91s   +0.176°  
     24.70s   +0.176°  
  ③ 自由观察 3.0s (无脉冲, 保持使能): ena=1 PE9=1  ✓ 物理使能
     ⇒ 漂移 +0.000°  峰峰 0.000°
  ④ 对照 (物理失能): ena=0 PE9=1  ★★ 实读仍为使能 ⇒ 本臂无效
     ⇒ 漂移 +0.000°  峰峰 0.000°
  ⚠ 安全收尾未达成: PE9=1 (期望 0 = 光耦导通 = 失能)
[exit=0]

########## reverse 500 2 3 ##########
基线: 使能=0 极性=1 PE9=1 raw=1136 (99.84°)  脉冲=0Hz
前置条件: enapol=1(已纠正/回读验证) ena=1 PE9=1 ⇒ ✓ 驱动器使能

=== 变向: 正转 2.0s → 反转 2.0s → 正转 2.0s @ 500Hz ===
   0.04s      +0.0°  正转 
   0.24s     +23.0°  正转 ###
   0.42s     +35.2°  正转 #####
   0.60s     +62.8°  正转 ##########
   0.78s     +83.8°  正转 #############
   0.97s     +99.2°  正转 ################
   1.15s    +127.9°  正转 #####################
   1.33s    +145.5°  正转 ########################
   1.52s    +162.0°  正转 ##########################
   1.70s    +189.9°  正转 ###############################
   1.88s    +207.5°  正转 ##################################
   2.07s    +233.0°  反转 ######################################
   2.25s    +253.2°  反转 ##########################################
   2.44s    +276.5°  反转 ##############################################
   2.61s    +294.2°  反转 #################################################
   2.80s    +313.3°  反转 ##################################################
   2.98s    +335.0°  反转 ##################################################
   3.16s    +355.1°  反转 ##################################################
   3.33s    +367.4°  反转 ##################################################
   3.53s    +399.1°  反转 ##################################################
   3.72s    +418.0°  反转 ##################################################
   3.91s    +436.8°  反转 ##################################################
   4.09s    +464.2°  正转 ##################################################
   4.29s    +481.8°  正转 ##################################################
   4.48s    +509.6°  正转 ##################################################
   4.69s    +534.2°  正转 ##################################################
   4.88s    +552.2°  正转 ##################################################
   5.06s    +571.3°  正转 ##################################################
   5.25s    +595.5°  正转 ##################################################
   5.44s    +618.7°  正转 ##################################################
   5.63s    +632.4°  正转 ##################################################
   5.83s    +649.8°  正转 ##################################################
   6.03s    +682.8°  正转 ##################################################
  ⚠ 安全收尾未达成: PE9=1 (期望 0 = 光耦导通 = 失能)
[exit=0]

########## ramp 31000 3000 2.0 ##########
基线: 使能=0 极性=1 PE9=1 raw=851 (74.79°)  脉冲=0Hz
前置条件: enapol=1(已纠正/回读验证) ena=1 PE9=1 ⇒ ✓ 驱动器使能

=== 带斜坡起动: 300 → 31000 Hz, 斜坡 3000ms (37 级), 保持 2.0s ===
  读回 hz = 31250 (请求 31000, 偏差 +0.81%)  ⇒ ★ 频率量化(ARR 取整), 实际比请求高 0.81%
  保持段净速度 3938.4 °/s = 656 rpm  |  比值(请求) 0.565  比值(读回) 0.560  ★ 掉步
  形态: 占用角域 329.9°/360°  反向步 39.6%  净速度(最短弧) +150.2 °/s  ⇒ 真在转
     ⚠ 反向步占比 40% 偏高 ⇒ 有反向滑动, 单向累计可能略偏大
  ⇒ ★ 斜坡加持下也到不了 ⇒ 上限在**电机/驱动器/供电**
  全程: 7.11s 净走 +20232.8° (56.20 圈), 平均 2847.2 °/s = 475 rpm ; 占用角域 342°
  ⚠ 安全收尾未达成: PE9=1 (期望 0 = 光耦导通 = 失能)
[exit=0]

########## slip 17000 2.0 ##########
基线: 使能=0 极性=1 PE9=1 raw=2861 (251.46°)  脉冲=0Hz
前置条件: enapol=1(已纠正/回读验证) ena=1 PE9=1 ⇒ ✓ 驱动器使能

=== 运动形态: 请求 17000 Hz (指令 3825 °/s) ===
  读回 17241 Hz ⇒ 指令 3879 °/s
  占用角域      0.3° / 360°   (最大空缺 360°)
  反向步占比   22.2%   (纯正转应 ≈0%)
  净速度(命令方向)     +0.0 °/s = 指令的 +0.0%
  净速度(最短弧)       -0.1 °/s   ← 仅交叉校验; >2.2万Hz 时会反向失效
  抖动速度          1.3 °/s   (|每步| 之和 / 时间)
  抖动/净 比   1269410.2

  判据 ⇒ ★★ 轴在【原地抖动】—— 就是『嗡嗡响但轴不动』

★ 判据说明 (三个量, 各有各的失效边界):
   · 最短弧 sstep  : 真单向 >180°/采样段时**反向**失效  (>2.2万Hz)
   · 强制单向      : 原地抖动时**伪造高速正转**      (本脚本曾假报 +2048°/s)
   · 占用角域      : 无上述失效 ⇒ 裁决量
        >90° 判『在转』(取强制单向值) ; <90° 判『不转』(净速度记 0)
  ⚠ 安全收尾未达成: PE9=1 (期望 0 = 光耦导通 = 失能)
[exit=0]
ALL DONE
